	Skipping 202401021749155221
	Skipping 202401011906494521
Processing: 204202051645446204
> /Users/mukund/orgpedia/mahgetGR/import/src/update_to_archive.py(79)download_pdf()
-> url = merged_info["Download"]
(Pdb) > /Users/mukund/orgpedia/mahgetGR/import/src/update_to_archive.py(81)download_pdf()
-> pdf_file = get_pdf_path(merged_info, pdfs_dir)
(Pdb) > /Users/mukund/orgpedia/mahgetGR/import/src/update_to_archive.py(83)download_pdf()
-> assert not pdf_file.exists()
(Pdb) > /Users/mukund/orgpedia/mahgetGR/import/src/update_to_archive.py(85)download_pdf()
-> if not pdf_file.parent.exists():
(Pdb) > /Users/mukund/orgpedia/mahgetGR/import/src/update_to_archive.py(89)download_pdf()
-> d_success, d_utc_str = request_pdf(url, pdf_file)
(Pdb) Downloading https://gr.maharashtra.gov.in/Site/Upload/Government%20Resolutions/English/204202051645446204...pdf
> /Users/mukund/orgpedia/mahgetGR/import/src/update_to_archive.py(90)download_pdf()
-> return (pdf_file, d_utc_str) if d_success else (None, d_utc_str)
(Pdb) --Return--
> /Users/mukund/orgpedia/mahgetGR/import/src/update_to_archive.py(90)download_pdf()->(PosixPath('im...45446204.pdf'), '2024-03-18 14:01:04 UTC+0000')
-> return (pdf_file, d_utc_str) if d_success else (None, d_utc_str)
(Pdb) 	Saving on archive
**Uploaded: in.gov.maharashtra.gr.204202051645446204 https://s3.us.archive.org/in.gov.maharashtra.gr.204202051645446204/204202051645446204.pdf

	204202051645446204: Upload success
Processing: 202403131234573025
	Saving on archive
Exeption as  error uploading 202403131234573025.pdf to in.gov.maharashtra.gr.202403131234573025, Uploaded content is unacceptable. - Syntax error detected in pdf data. You may be able to repair the pdf file with a repair tool, pdftk is one such tool.
	202403131234573025: Upload FAILED
Processing: 222423151729352927
> /Users/mukund/orgpedia/mahgetGR/import/src/update_to_archive.py(79)download_pdf()
-> url = merged_info["Download"]
(Pdb) Downloading https://gr.maharashtra.gov.in/Site/Upload/Government%20Resolutions/English/222423151729352927....pdf
	Saving on archive
**Uploaded: in.gov.maharashtra.gr.222423151729352927 https://s3.us.archive.org/in.gov.maharashtra.gr.222423151729352927/222423151729352927.pdf

	222423151729352927: Upload success
